// Jest Snapshot v1, https://goo.gl/fbAQLP

exports[`Pruebas en el <ToDoApp />  debe de mostrar <ToDoApp /> correctamente 1`] = `
<div
  id="todoList"
>
  <h1>
    To Do App ( 
    0
     )
  </h1>
  <hr />
  <div
    className="row"
  >
    <div
      className="col-7"
    >
      <ToDoList
        handleDelete={[Function]}
        handleToggle={[Function]}
        todos={Array []}
      />
    </div>
    <div
      className="col-5"
    >
      <TodoAdd
        handleAdd={[Function]}
      />
    </div>
  </div>
</div>
`;
