// Jest Snapshot v1, https://goo.gl/fbAQLP

exports[`Pruebas en To Do List debe mostrarse correctamente 1`] = `
<ul>
  <ToDoListItem
    handleDelete={[MockFunction]}
    handleToggle={[MockFunction]}
    i={0}
    key="1"
    todo={
      Object {
        "desc": "Aprenderr react",
        "done": false,
        "id": 1,
      }
    }
  />
  <ToDoListItem
    handleDelete={[MockFunction]}
    handleToggle={[MockFunction]}
    i={1}
    key="2"
    todo={
      Object {
        "desc": "Aprender mongo",
        "done": false,
        "id": 2,
      }
    }
  />
</ul>
`;

exports[`Pruebas en To Do List debe tener x TodoListItem 1`] = `
<ul>
  <ToDoListItem
    handleDelete={[MockFunction]}
    handleToggle={[MockFunction]}
    i={0}
    key="1"
    todo={
      Object {
        "desc": "Aprenderr react",
        "done": false,
        "id": 1,
      }
    }
  />
  <ToDoListItem
    handleDelete={[MockFunction]}
    handleToggle={[MockFunction]}
    i={1}
    key="2"
    todo={
      Object {
        "desc": "Aprender mongo",
        "done": false,
        "id": 2,
      }
    }
  />
</ul>
`;
